// Jest Snapshot v1, https://goo.gl/fbAQLP

exports[`Widget Snapshot should render with content 1`] = `"<div class=\\"sc-ifAKCX kQlJoc\\"><div class=\\"sc-bwzfXH jDGYoj\\"><div class=\\"sc-bdVaJa hnxqsY\\"><button class=\\"sc-bxivhb jEzrFp sc-htpNat gxhzjE\\">Bug Reporter Widget</button></div></div></div>"`;
